yarn run v1.22.5
$ react-scripts start
[34mâ„¹[39m [90mï½¢wdsï½£[39m: Project is running at http://172.18.0.2/
[34mâ„¹[39m [90mï½¢wdsï½£[39m: webpack output is served from 
[34mâ„¹[39m [90mï½¢wdsï½£[39m: Content not from webpack is served from /workspace/public
[34mâ„¹[39m [90mï½¢wdsï½£[39m: 404s will fallback to /
Starting the development server...

Browserslist: caniuse-lite is outdated. Please run:
npx browserslist@latest --update-db

Why you should do it regularly:
https://github.com/browserslist/browserslist#browsers-data-updating
Compiled successfully!

You can now view yb-hackathon in the browser.

  Local:            http://localhost:3000
  On Your Network:  http://172.18.0.2:3000

Note that the development build is not optimized.
To create a production build, use yarn build.

yarn run v1.22.5
$ react-scripts start
[34mâ„¹[39m [90mï½¢wdsï½£[39m: Project is running at http://172.18.0.2/
[34mâ„¹[39m [90mï½¢wdsï½£[39m: webpack output is served from 
[34mâ„¹[39m [90mï½¢wdsï½£[39m: Content not from webpack is served from /workspace/public
[34mâ„¹[39m [90mï½¢wdsï½£[39m: 404s will fallback to /
Starting the development server...

Browserslist: caniuse-lite is outdated. Please run:
npx browserslist@latest --update-db

Why you should do it regularly:
https://github.com/browserslist/browserslist#browsers-data-updating
Compiled successfully!

You can now view yb-hackathon in the browser.

  Local:            http://localhost:3000
  On Your Network:  http://172.18.0.2:3000

Note that the development build is not optimized.
To create a production build, use yarn build.

yarn run v1.22.5
$ react-scripts start
[34mâ„¹[39m [90mï½¢wdsï½£[39m: Project is running at http://172.18.0.2/
[34mâ„¹[39m [90mï½¢wdsï½£[39m: webpack output is served from 
[34mâ„¹[39m [90mï½¢wdsï½£[39m: Content not from webpack is served from /workspace/public
[34mâ„¹[39m [90mï½¢wdsï½£[39m: 404s will fallback to /
Starting the development server...

Browserslist: caniuse-lite is outdated. Please run:
npx browserslist@latest --update-db

Why you should do it regularly:
https://github.com/browserslist/browserslist#browsers-data-updating
Compiled successfully!

You can now view yb-hackathon in the browser.

  Local:            http://localhost:3000
  On Your Network:  http://172.18.0.2:3000

Note that the development build is not optimized.
To create a production build, use yarn build.

yarn run v1.22.5
$ react-scripts start
[34mâ„¹[39m [90mï½¢wdsï½£[39m: Project is running at http://172.18.0.2/
[34mâ„¹[39m [90mï½¢wdsï½£[39m: webpack output is served from 
[34mâ„¹[39m [90mï½¢wdsï½£[39m: Content not from webpack is served from /workspace/public
[34mâ„¹[39m [90mï½¢wdsï½£[39m: 404s will fallback to /
Starting the development server...

Browserslist: caniuse-lite is outdated. Please run:
npx browserslist@latest --update-db

Why you should do it regularly:
https://github.com/browserslist/browserslist#browsers-data-updating
Failed to compile.

./src/App.js
Module not found: Can't resolve './App.css' in '/workspace/src'
yarn run v1.22.5
$ react-scripts start
[34mâ„¹[39m [90mï½¢wdsï½£[39m: Project is running at http://172.18.0.2/
[34mâ„¹[39m [90mï½¢wdsï½£[39m: webpack output is served from 
[34mâ„¹[39m [90mï½¢wdsï½£[39m: Content not from webpack is served from /workspace/public
[34mâ„¹[39m [90mï½¢wdsï½£[39m: 404s will fallback to /
Starting the development server...

Browserslist: caniuse-lite is outdated. Please run:
npx browserslist@latest --update-db

Why you should do it regularly:
https://github.com/browserslist/browserslist#browsers-data-updating
Failed to compile.

./src/index.js
Module not found: Can't resolve './reportWebVitals' in '/workspace/src'
